Archive member included to satisfy reference by file (symbol)

D:\Lap Trinh\lap trinh\embedded\SDK_1.0.3_NUCLEO-F401RE\lib_stm\libLibraries.a(system_stm32f4xx.o)
                              ./Src/main.o (SystemCoreClockUpdate)
D:\Lap Trinh\lap trinh\embedded\SDK_1.0.3_NUCLEO-F401RE\lib_stm\libLibraries.a(stm32f401re_adc.o)
                              ./Src/main.o (ADC_DeInit)
D:\Lap Trinh\lap trinh\embedded\SDK_1.0.3_NUCLEO-F401RE\lib_stm\libLibraries.a(stm32f401re_gpio.o)
                              ./Src/main.o (GPIO_Init)
D:\Lap Trinh\lap trinh\embedded\SDK_1.0.3_NUCLEO-F401RE\lib_stm\libLibraries.a(stm32f401re_rcc.o)
                              ./Src/main.o (RCC_AHB1PeriphClockCmd)
D:\Lap Trinh\lap trinh\embedded\SDK_1.0.3_NUCLEO-F401RE\lib_stm\libLibraries.a(stm32f401re_tim.o)
                              ./Src/main.o (TIM_TimeBaseInit)
D:\Lap Trinh\lap trinh\embedded\SDK_1.0.3_NUCLEO-F401RE\lib_stm\libLibraries.a(timer.o)
                              ./Src/main.o (TimerInit)
D:\Lap Trinh\lap trinh\embedded\SDK_1.0.3_NUCLEO-F401RE\lib_stm\libLibraries.a(utilities.o)
                              D:\Lap Trinh\lap trinh\embedded\SDK_1.0.3_NUCLEO-F401RE\lib_stm\libLibraries.a(timer.o) (memsetl)
c:/st/stm32cubeide_1.10.1/stm32cubeide/plugins/com.st.stm32cube.ide.mcu.externaltools.gnu-tools-for-stm32.10.3-2021.10.win32_1.0.200.202301161003/tools/bin/../lib/gcc/arm-none-eabi/10.3.1/../../../../arm-none-eabi/lib/thumb/v7e-m+fp/hard\libc_nano.a(lib_a-errno.o)
                              ./Src/syscalls.o (__errno)
c:/st/stm32cubeide_1.10.1/stm32cubeide/plugins/com.st.stm32cube.ide.mcu.externaltools.gnu-tools-for-stm32.10.3-2021.10.win32_1.0.200.202301161003/tools/bin/../lib/gcc/arm-none-eabi/10.3.1/../../../../arm-none-eabi/lib/thumb/v7e-m+fp/hard\libc_nano.a(lib_a-exit.o)
                              c:/st/stm32cubeide_1.10.1/stm32cubeide/plugins/com.st.stm32cube.ide.mcu.externaltools.gnu-tools-for-stm32.10.3-2021.10.win32_1.0.200.202301161003/tools/bin/../lib/gcc/arm-none-eabi/10.3.1/../../../../arm-none-eabi/lib/thumb/v7e-m+fp/hard/crt0.o (exit)
c:/st/stm32cubeide_1.10.1/stm32cubeide/plugins/com.st.stm32cube.ide.mcu.externaltools.gnu-tools-for-stm32.10.3-2021.10.win32_1.0.200.202301161003/tools/bin/../lib/gcc/arm-none-eabi/10.3.1/../../../../arm-none-eabi/lib/thumb/v7e-m+fp/hard\libc_nano.a(lib_a-impure.o)
                              c:/st/stm32cubeide_1.10.1/stm32cubeide/plugins/com.st.stm32cube.ide.mcu.externaltools.gnu-tools-for-stm32.10.3-2021.10.win32_1.0.200.202301161003/tools/bin/../lib/gcc/arm-none-eabi/10.3.1/../../../../arm-none-eabi/lib/thumb/v7e-m+fp/hard\libc_nano.a(lib_a-exit.o) (_global_impure_ptr)
c:/st/stm32cubeide_1.10.1/stm32cubeide/plugins/com.st.stm32cube.ide.mcu.externaltools.gnu-tools-for-stm32.10.3-2021.10.win32_1.0.200.202301161003/tools/bin/../lib/gcc/arm-none-eabi/10.3.1/../../../../arm-none-eabi/lib/thumb/v7e-m+fp/hard\libc_nano.a(lib_a-init.o)
                              c:/st/stm32cubeide_1.10.1/stm32cubeide/plugins/com.st.stm32cube.ide.mcu.externaltools.gnu-tools-for-stm32.10.3-2021.10.win32_1.0.200.202301161003/tools/bin/../lib/gcc/arm-none-eabi/10.3.1/../../../../arm-none-eabi/lib/thumb/v7e-m+fp/hard/crt0.o (__libc_init_array)
c:/st/stm32cubeide_1.10.1/stm32cubeide/plugins/com.st.stm32cube.ide.mcu.externaltools.gnu-tools-for-stm32.10.3-2021.10.win32_1.0.200.202301161003/tools/bin/../lib/gcc/arm-none-eabi/10.3.1/../../../../arm-none-eabi/lib/thumb/v7e-m+fp/hard\libc_nano.a(lib_a-memset.o)
                              c:/st/stm32cubeide_1.10.1/stm32cubeide/plugins/com.st.stm32cube.ide.mcu.externaltools.gnu-tools-for-stm32.10.3-2021.10.win32_1.0.200.202301161003/tools/bin/../lib/gcc/arm-none-eabi/10.3.1/../../../../arm-none-eabi/lib/thumb/v7e-m+fp/hard/crt0.o (memset)
c:/st/stm32cubeide_1.10.1/stm32cubeide/plugins/com.st.stm32cube.ide.mcu.externaltools.gnu-tools-for-stm32.10.3-2021.10.win32_1.0.200.202301161003/tools/bin/../lib/gcc/arm-none-eabi/10.3.1/thumb/v7e-m+fp/hard\libgcc.a(_arm_muldf3.o)
                              ./Kalman_filter/kalman_filter.o (__aeabi_dmul)
c:/st/stm32cubeide_1.10.1/stm32cubeide/plugins/com.st.stm32cube.ide.mcu.externaltools.gnu-tools-for-stm32.10.3-2021.10.win32_1.0.200.202301161003/tools/bin/../lib/gcc/arm-none-eabi/10.3.1/thumb/v7e-m+fp/hard\libgcc.a(_arm_addsubdf3.o)
                              ./Kalman_filter/kalman_filter.o (__aeabi_dsub)
c:/st/stm32cubeide_1.10.1/stm32cubeide/plugins/com.st.stm32cube.ide.mcu.externaltools.gnu-tools-for-stm32.10.3-2021.10.win32_1.0.200.202301161003/tools/bin/../lib/gcc/arm-none-eabi/10.3.1/thumb/v7e-m+fp/hard\libgcc.a(_arm_truncdfsf2.o)
                              ./Kalman_filter/kalman_filter.o (__aeabi_d2f)

Discarded input sections

[...]
Memory Configuration

Name             Origin             Length             Attributes
RAM              0x0000000020000000 0x0000000000018000 xrw
FLASH            0x0000000008000000 0x0000000000080000 xr
*default*        0x0000000000000000 0xffffffffffffffff

Linker script and memory map

LOAD c:/st/stm32cubeide_1.10.1/stm32cubeide/plugins/com.st.stm32cube.ide.mcu.externaltools.gnu-tools-for-stm32.10.3-2021.10.win32_1.0.200.202301161003/tools/bin/../lib/gcc/arm-none-eabi/10.3.1/thumb/v7e-m+fp/hard/crti.o
LOAD c:/st/stm32cubeide_1.10.1/stm32cubeide/plugins/com.st.stm32cube.ide.mcu.externaltools.gnu-tools-for-stm32.10.3-2021.10.win32_1.0.200.202301161003/tools/bin/../lib/gcc/arm-none-eabi/10.3.1/thumb/v7e-m+fp/hard/crtbegin.o
LOAD c:/st/stm32cubeide_1.10.1/stm32cubeide/plugins/com.st.stm32cube.ide.mcu.externaltools.gnu-tools-for-stm32.10.3-2021.10.win32_1.0.200.202301161003/tools/bin/../lib/gcc/arm-none-eabi/10.3.1/../../../../arm-none-eabi/lib/thumb/v7e-m+fp/hard/crt0.o
LOAD ./Kalman_filter/kalman_filter.o
LOAD ./Src/main.o
LOAD ./Src/syscalls.o
LOAD ./Src/sysmem.o
LOAD ./Startup/startup_stm32f401retx.o
LOAD D:\Lap Trinh\lap trinh\embedded\SDK_1.0.3_NUCLEO-F401RE\lib_stm\libLibraries.a
START GROUP
LOAD c:/st/stm32cubeide_1.10.1/stm32cubeide/plugins/com.st.stm32cube.ide.mcu.externaltools.gnu-tools-for-stm32.10.3-2021.10.win32_1.0.200.202301161003/tools/bin/../lib/gcc/arm-none-eabi/10.3.1/../../../../arm-none-eabi/lib/thumb/v7e-m+fp/hard\libc_nano.a
LOAD c:/st/stm32cubeide_1.10.1/stm32cubeide/plugins/com.st.stm32cube.ide.mcu.externaltools.gnu-tools-for-stm32.10.3-2021.10.win32_1.0.200.202301161003/tools/bin/../lib/gcc/arm-none-eabi/10.3.1/../../../../arm-none-eabi/lib/thumb/v7e-m+fp/hard\libm.a
END GROUP
START GROUP
LOAD c:/st/stm32cubeide_1.10.1/stm32cubeide/plugins/com.st.stm32cube.ide.mcu.externaltools.gnu-tools-for-stm32.10.3-2021.10.win32_1.0.200.202301161003/tools/bin/../lib/gcc/arm-none-eabi/10.3.1/thumb/v7e-m+fp/hard\libgcc.a
LOAD c:/st/stm32cubeide_1.10.1/stm32cubeide/plugins/com.st.stm32cube.ide.mcu.externaltools.gnu-tools-for-stm32.10.3-2021.10.win32_1.0.200.202301161003/tools/bin/../lib/gcc/arm-none-eabi/10.3.1/../../../../arm-none-eabi/lib/thumb/v7e-m+fp/hard\libc_nano.a
END GROUP
START GROUP
LOAD c:/st/stm32cubeide_1.10.1/stm32cubeide/plugins/com.st.stm32cube.ide.mcu.externaltools.gnu-tools-for-stm32.10.3-2021.10.win32_1.0.200.202301161003/tools/bin/../lib/gcc/arm-none-eabi/10.3.1/thumb/v7e-m+fp/hard\libgcc.a
LOAD c:/st/stm32cubeide_1.10.1/stm32cubeide/plugins/com.st.stm32cube.ide.mcu.externaltools.gnu-tools-for-stm32.10.3-2021.10.win32_1.0.200.202301161003/tools/bin/../lib/gcc/arm-none-eabi/10.3.1/../../../../arm-none-eabi/lib/thumb/v7e-m+fp/hard\libc_nano.a
LOAD c:/st/stm32cubeide_1.10.1/stm32cubeide/plugins/com.st.stm32cube.ide.mcu.externaltools.gnu-tools-for-stm32.10.3-2021.10.win32_1.0.200.202301161003/tools/bin/../lib/gcc/arm-none-eabi/10.3.1/../../../../arm-none-eabi/lib/thumb/v7e-m+fp/hard\libnosys.a
END GROUP
START GROUP
LOAD c:/st/stm32cubeide_1.10.1/stm32cubeide/plugins/com.st.stm32cube.ide.mcu.externaltools.gnu-tools-for-stm32.10.3-2021.10.win32_1.0.200.202301161003/tools/bin/../lib/gcc/arm-none-eabi/10.3.1/thumb/v7e-m+fp/hard\libgcc.a
LOAD c:/st/stm32cubeide_1.10.1/stm32cubeide/plugins/com.st.stm32cube.ide.mcu.externaltools.gnu-tools-for-stm32.10.3-2021.10.win32_1.0.200.202301161003/tools/bin/../lib/gcc/arm-none-eabi/10.3.1/../../../../arm-none-eabi/lib/thumb/v7e-m+fp/hard\libc_nano.a
LOAD c:/st/stm32cubeide_1.10.1/stm32cubeide/plugins/com.st.stm32cube.ide.mcu.externaltools.gnu-tools-for-stm32.10.3-2021.10.win32_1.0.200.202301161003/tools/bin/../lib/gcc/arm-none-eabi/10.3.1/../../../../arm-none-eabi/lib/thumb/v7e-m+fp/hard\libnosys.a
END GROUP
LOAD c:/st/stm32cubeide_1.10.1/stm32cubeide/plugins/com.st.stm32cube.ide.mcu.externaltools.gnu-tools-for-stm32.10.3-2021.10.win32_1.0.200.202301161003/tools/bin/../lib/gcc/arm-none-eabi/10.3.1/thumb/v7e-m+fp/hard/crtend.o
LOAD c:/st/stm32cubeide_1.10.1/stm32cubeide/plugins/com.st.stm32cube.ide.mcu.externaltools.gnu-tools-for-stm32.10.3-2021.10.win32_1.0.200.202301161003/tools/bin/../lib/gcc/arm-none-eabi/10.3.1/thumb/v7e-m+fp/hard/crtn.o
                0x0000000020018000                _estack = (ORIGIN (RAM) + LENGTH (RAM))
                0x0000000000000200                _Min_Heap_Size = 0x200
                0x0000000000000400                _Min_Stack_Size = 0x400

.isr_vector     0x0000000008000000      0x194
                0x0000000008000000                . = ALIGN (0x4)
 *(.isr_vector)
 .isr_vector    0x0000000008000000      0x194 ./Startup/startup_stm32f401retx.o
                0x0000000008000000                g_pfnVectors
                0x0000000008000194                . = ALIGN (0x4)

.text           0x0000000008000194     0x1d80
                0x0000000008000194                . = ALIGN (0x4)
 *(.text)
 .text          0x0000000008000194       0x40 c:/st/stm32cubeide_1.10.1/stm32cubeide/plugins/com.st.stm32cube.ide.mcu.externaltools.gnu-tools-for-stm32.10.3-2021.10.win32_1.0.200.202301161003/tools/bin/../lib/gcc/arm-none-eabi/10.3.1/thumb/v7e-m+fp/hard/crtbegin.o
 .text          0x00000000080001d4      0x254 c:/st/stm32cubeide_1.10.1/stm32cubeide/plugins/com.st.stm32cube.ide.mcu.externaltools.gnu-tools-for-stm32.10.3-2021.10.win32_1.0.200.202301161003/tools/bin/../lib/gcc/arm-none-eabi/10.3.1/thumb/v7e-m+fp/hard\libgcc.a(_arm_muldf3.o)
                0x00000000080001d4                __muldf3
                0x00000000080001d4                __aeabi_dmul
 .text          0x0000000008000428      0x378 c:/st/stm32cubeide_1.10.1/stm32cubeide/plugins/com.st.stm32cube.ide.mcu.externaltools.gnu-tools-for-stm32.10.3-2021.10.win32_1.0.200.202301161003/tools/bin/../lib/gcc/arm-none-eabi/10.3.1/thumb/v7e-m+fp/hard\libgcc.a(_arm_addsubdf3.o)
                0x0000000008000428                __aeabi_drsub
                0x0000000008000430                __aeabi_dsub
                0x0000000008000430                __subdf3
                0x0000000008000434                __aeabi_dadd
                0x0000000008000434                __adddf3
                0x00000000080006ac                __floatunsidf
                0x00000000080006ac                __aeabi_ui2d
                0x00000000080006cc                __floatsidf
                0x00000000080006cc                __aeabi_i2d
                0x00000000080006f0                __aeabi_f2d
                0x00000000080006f0                __extendsfdf2
                0x0000000008000734                __floatundidf
                0x0000000008000734                __aeabi_ul2d
                0x0000000008000744                __floatdidf
                0x0000000008000744                __aeabi_l2d
 .text          0x00000000080007a0       0xa0 c:/st/stm32cubeide_1.10.1/stm32cubeide/plugins/com.st.stm32cube.ide.mcu.externaltools.gnu-tools-for-stm32.10.3-2021.10.win32_1.0.200.202301161003/tools/bin/../lib/gcc/arm-none-eabi/10.3.1/thumb/v7e-m+fp/hard\libgcc.a(_arm_truncdfsf2.o)
                0x00000000080007a0                __truncdfsf2
                0x00000000080007a0                __aeabi_d2f
 *(.text*)
 .text.KalmanFilterInit
                0x0000000008000840       0x3c ./Kalman_filter/kalman_filter.o
                0x0000000008000840                KalmanFilterInit
 .text.KalmanFilter_updateEstimate
                0x000000000800087c      0x120 ./Kalman_filter/kalman_filter.o
                0x000000000800087c                KalmanFilter_updateEstimate
 .text.LightSensor_AdcInit
                0x000000000800099c       0xa0 ./Src/main.o
                0x000000000800099c                LightSensor_AdcInit
 .text.LedControl_TimerOCInit
                0x0000000008000a3c      0x138 ./Src/main.o
                0x0000000008000a3c                LedControl_TimerOCInit
 .text.LightSensor_AdcPollingRead
                0x0000000008000b74       0x38 ./Src/main.o
                0x0000000008000b74                LightSensor_AdcPollingRead
 .text.LedControl_TimerOCSetPwm
                0x0000000008000bac       0x54 ./Src/main.o
                0x0000000008000bac                LedControl_TimerOCSetPwm
 .text.LED_StepBrightness
                0x0000000008000c00       0x9c ./Src/main.o
                0x0000000008000c00                LED_StepBrightness
 .text.ABL_StepBrightness
                0x0000000008000c9c       0x54 ./Src/main.o
                0x0000000008000c9c                ABL_StepBrightness
 .text.ABL_Process
                0x0000000008000cf0       0xc8 ./Src/main.o
                0x0000000008000cf0                ABL_Process
 .text.AppInitCommon
                0x0000000008000db8       0x40 ./Src/main.o
 .text.main     0x0000000008000df8       0x12 ./Src/main.o
                0x0000000008000df8                main
 *fill*         0x0000000008000e0a        0x2 
 .text.Reset_Handler
                0x0000000008000e0c       0x50 ./Startup/startup_stm32f401retx.o
                0x0000000008000e0c                Reset_Handler
 .text.Default_Handler
                0x0000000008000e5c        0x2 ./Startup/startup_stm32f401retx.o
                0x0000000008000e5c                EXTI2_IRQHandler
                0x0000000008000e5c                DebugMon_Handler
                0x0000000008000e5c                SPI4_IRQHandler
                0x0000000008000e5c                TIM1_CC_IRQHandler
                0x0000000008000e5c                DMA2_Stream5_IRQHandler
                0x0000000008000e5c                HardFault_Handler
                0x0000000008000e5c                DMA1_Stream5_IRQHandler
                0x0000000008000e5c                SDIO_IRQHandler
                0x0000000008000e5c                TAMP_STAMP_IRQHandler
                0x0000000008000e5c                PendSV_Handler
                0x0000000008000e5c                NMI_Handler
                0x0000000008000e5c                EXTI3_IRQHandler
                0x0000000008000e5c                TIM1_UP_TIM10_IRQHandler
                0x0000000008000e5c                I2C3_ER_IRQHandler
                0x0000000008000e5c                EXTI18_OTG_FS_WKUP_IRQHandler
                0x0000000008000e5c                EXTI0_IRQHandler
                0x0000000008000e5c                I2C2_EV_IRQHandler
                0x0000000008000e5c                DMA1_Stream2_IRQHandler
                0x0000000008000e5c                UsageFault_Handler
                0x0000000008000e5c                DMA2_Stream2_IRQHandler
                0x0000000008000e5c                SPI1_IRQHandler
                0x0000000008000e5c                TIM1_BRK_TIM9_IRQHandler
                0x0000000008000e5c                DMA2_Stream3_IRQHandler
                0x0000000008000e5c                USART6_IRQHandler
                0x0000000008000e5c                DMA2_Stream0_IRQHandler
                0x0000000008000e5c                TIM4_IRQHandler
                0x0000000008000e5c                I2C1_EV_IRQHandler
                0x0000000008000e5c                DMA1_Stream6_IRQHandler
                0x0000000008000e5c                DMA1_Stream1_IRQHandler
                0x0000000008000e5c                TIM3_IRQHandler
                0x0000000008000e5c                RCC_IRQHandler
                0x0000000008000e5c                Default_Handler
                0x0000000008000e5c                EXTI15_10_IRQHandler
                0x0000000008000e5c                ADC_IRQHandler
                0x0000000008000e5c                DMA1_Stream7_IRQHandler
                0x0000000008000e5c                TIM5_IRQHandler
                0x0000000008000e5c                DMA2_Stream7_IRQHandler
                0x0000000008000e5c                I2C3_EV_IRQHandler
                0x0000000008000e5c                EXTI9_5_IRQHandler
                0x0000000008000e5c                SPI2_IRQHandler
                0x0000000008000e5c                MemManage_Handler
                0x0000000008000e5c                DMA1_Stream0_IRQHandler
                0x0000000008000e5c                SVC_Handler
                0x0000000008000e5c                EXTI4_IRQHandler
                0x0000000008000e5c                EXTI22_RTC_WKUP_IRQHandler
                0x0000000008000e5c                TIM2_IRQHandler
                0x0000000008000e5c                EXTI16_PVD_IRQHandler
                0x0000000008000e5c                TIM1_TRG_COM_TIM11_IRQHandler
                0x0000000008000e5c                EXTI1_IRQHandler
                0x0000000008000e5c                EXTI17_RTC_Alarm_IRQHandler
                0x0000000008000e5c                USART2_IRQHandler
                0x0000000008000e5c                I2C2_ER_IRQHandler
                0x0000000008000e5c                DMA2_Stream1_IRQHandler
                0x0000000008000e5c                FLASH_IRQHandler
                0x0000000008000e5c                DMA2_Stream4_IRQHandler
                0x0000000008000e5c                BusFault_Handler
                0x0000000008000e5c                USART1_IRQHandler
                0x0000000008000e5c                OTG_FS_IRQHandler
                0x0000000008000e5c                SPI3_IRQHandler
                0x0000000008000e5c                DMA1_Stream4_IRQHandler
                0x0000000008000e5c                I2C1_ER_IRQHandler
                0x0000000008000e5c                DMA2_Stream6_IRQHandler
                0x0000000008000e5c                DMA1_Stream3_IRQHandler
 *fill*         0x0000000008000e5e        0x2 
 .text.SystemInit
                0x0000000008000e60       0x6c D:\Lap Trinh\lap trinh\embedded\SDK_1.0.3_NUCLEO-F401RE\lib_stm\libLibraries.a(system_stm32f4xx.o)
                0x0000000008000e60                SystemInit
 .text.SystemCoreClockUpdate
                0x0000000008000ecc       0xf8 D:\Lap Trinh\lap trinh\embedded\SDK_1.0.3_NUCLEO-F401RE\lib_stm\libLibraries.a(system_stm32f4xx.o)
                0x0000000008000ecc                SystemCoreClockUpdate
 .text.SetSysClock
                0x0000000008000fc4       0xa0 D:\Lap Trinh\lap trinh\embedded\SDK_1.0.3_NUCLEO-F401RE\lib_stm\libLibraries.a(system_stm32f4xx.o)
 .text.ADC_DeInit
                0x0000000008001064       0x1c D:\Lap Trinh\lap trinh\embedded\SDK_1.0.3_NUCLEO-F401RE\lib_stm\libLibraries.a(stm32f401re_adc.o)
                0x0000000008001064                ADC_DeInit
 .text.ADC_Init
                0x0000000008001080       0xac D:\Lap Trinh\lap trinh\embedded\SDK_1.0.3_NUCLEO-F401RE\lib_stm\libLibraries.a(stm32f401re_adc.o)
                0x0000000008001080                ADC_Init
 .text.ADC_CommonInit
                0x000000000800112c       0x50 D:\Lap Trinh\lap trinh\embedded\SDK_1.0.3_NUCLEO-F401RE\lib_stm\libLibraries.a(stm32f401re_adc.o)
                0x000000000800112c                ADC_CommonInit
 .text.ADC_Cmd  0x000000000800117c       0x38 D:\Lap Trinh\lap trinh\embedded\SDK_1.0.3_NUCLEO-F401RE\lib_stm\libLibraries.a(stm32f401re_adc.o)
                0x000000000800117c                ADC_Cmd
 .text.ADC_RegularChannelConfig
                0x00000000080011b4      0x194 D:\Lap Trinh\lap trinh\embedded\SDK_1.0.3_NUCLEO-F401RE\lib_stm\libLibraries.a(stm32f401re_adc.o)
                0x00000000080011b4                ADC_RegularChannelConfig
 .text.ADC_SoftwareStartConv
                0x0000000008001348       0x20 D:\Lap Trinh\lap trinh\embedded\SDK_1.0.3_NUCLEO-F401RE\lib_stm\libLibraries.a(stm32f401re_adc.o)
                0x0000000008001348                ADC_SoftwareStartConv
 .text.ADC_GetConversionValue
                0x0000000008001368       0x1a D:\Lap Trinh\lap trinh\embedded\SDK_1.0.3_NUCLEO-F401RE\lib_stm\libLibraries.a(stm32f401re_adc.o)
                0x0000000008001368                ADC_GetConversionValue
 .text.ADC_GetFlagStatus
                0x0000000008001382       0x34 D:\Lap Trinh\lap trinh\embedded\SDK_1.0.3_NUCLEO-F401RE\lib_stm\libLibraries.a(stm32f401re_adc.o)
                0x0000000008001382                ADC_GetFlagStatus
 .text.GPIO_Init
                0x00000000080013b6      0x11c D:\Lap Trinh\lap trinh\embedded\SDK_1.0.3_NUCLEO-F401RE\lib_stm\libLibraries.a(stm32f401re_gpio.o)
                0x00000000080013b6                GPIO_Init
 .text.GPIO_PinAFConfig
                0x00000000080014d2       0x92 D:\Lap Trinh\lap trinh\embedded\SDK_1.0.3_NUCLEO-F401RE\lib_stm\libLibraries.a(stm32f401re_gpio.o)
                0x00000000080014d2                GPIO_PinAFConfig
 .text.RCC_GetClocksFreq
                0x0000000008001564      0x150 D:\Lap Trinh\lap trinh\embedded\SDK_1.0.3_NUCLEO-F401RE\lib_stm\libLibraries.a(stm32f401re_rcc.o)
                0x0000000008001564                RCC_GetClocksFreq
 .text.RCC_AHB1PeriphClockCmd
                0x00000000080016b4       0x40 D:\Lap Trinh\lap trinh\embedded\SDK_1.0.3_NUCLEO-F401RE\lib_stm\libLibraries.a(stm32f401re_rcc.o)
                0x00000000080016b4                RCC_AHB1PeriphClockCmd
 .text.RCC_APB1PeriphClockCmd
                0x00000000080016f4       0x40 D:\Lap Trinh\lap trinh\embedded\SDK_1.0.3_NUCLEO-F401RE\lib_stm\libLibraries.a(stm32f401re_rcc.o)
                0x00000000080016f4                RCC_APB1PeriphClockCmd
 .text.RCC_APB2PeriphClockCmd
                0x0000000008001734       0x40 D:\Lap Trinh\lap trinh\embedded\SDK_1.0.3_NUCLEO-F401RE\lib_stm\libLibraries.a(stm32f401re_rcc.o)
                0x0000000008001734                RCC_APB2PeriphClockCmd
 .text.RCC_APB2PeriphResetCmd
                0x0000000008001774       0x40 D:\Lap Trinh\lap trinh\embedded\SDK_1.0.3_NUCLEO-F401RE\lib_stm\libLibraries.a(stm32f401re_rcc.o)
                0x0000000008001774                RCC_APB2PeriphResetCmd
 .text.TIM_TimeBaseInit
                0x00000000080017b4       0xd8 D:\Lap Trinh\lap trinh\embedded\SDK_1.0.3_NUCLEO-F401RE\lib_stm\libLibraries.a(stm32f401re_tim.o)
                0x00000000080017b4                TIM_TimeBaseInit
 .text.TIM_Cmd  0x000000000800188c       0x40 D:\Lap Trinh\lap trinh\embedded\SDK_1.0.3_NUCLEO-F401RE\lib_stm\libLibraries.a(stm32f401re_tim.o)
                0x000000000800188c                TIM_Cmd
 .text.TIM_OC1Init
                0x00000000080018cc       0xf4 D:\Lap Trinh\lap trinh\embedded\SDK_1.0.3_NUCLEO-F401RE\lib_stm\libLibraries.a(stm32f401re_tim.o)
                0x00000000080018cc                TIM_OC1Init
 .text.TIM_OC4Init
                0x00000000080019c0       0xd0 D:\Lap Trinh\lap trinh\embedded\SDK_1.0.3_NUCLEO-F401RE\lib_stm\libLibraries.a(stm32f401re_tim.o)
                0x00000000080019c0                TIM_OC4Init
 .text.TIM_SetCompare1
                0x0000000008001a90       0x1c D:\Lap Trinh\lap trinh\embedded\SDK_1.0.3_NUCLEO-F401RE\lib_stm\libLibraries.a(stm32f401re_tim.o)
                0x0000000008001a90                TIM_SetCompare1
 .text.TIM_SetCompare4
                0x0000000008001aac       0x1c D:\Lap Trinh\lap trinh\embedded\SDK_1.0.3_NUCLEO-F401RE\lib_stm\libLibraries.a(stm32f401re_tim.o)
                0x0000000008001aac                TIM_SetCompare4
 .text.TIM_CtrlPWMOutputs
                0x0000000008001ac8       0x4c D:\Lap Trinh\lap trinh\embedded\SDK_1.0.3_NUCLEO-F401RE\lib_stm\libLibraries.a(stm32f401re_tim.o)
                0x0000000008001ac8                TIM_CtrlPWMOutputs
 .text.NVIC_SetPriority
                0x0000000008001b14       0x54 D:\Lap Trinh\lap trinh\embedded\SDK_1.0.3_NUCLEO-F401RE\lib_stm\libLibraries.a(timer.o)
 .text.SysTick_Config
                0x0000000008001b68       0x44 D:\Lap Trinh\lap trinh\embedded\SDK_1.0.3_NUCLEO-F401RE\lib_stm\libLibraries.a(timer.o)
 .text.TimerInit
                0x0000000008001bac       0x44 D:\Lap Trinh\lap trinh\embedded\SDK_1.0.3_NUCLEO-F401RE\lib_stm\libLibraries.a(timer.o)
                0x0000000008001bac                TimerInit
 .text.TimerStop
                0x0000000008001bf0       0xa0 D:\Lap Trinh\lap trinh\embedded\SDK_1.0.3_NUCLEO-F401RE\lib_stm\libLibraries.a(timer.o)
                0x0000000008001bf0                TimerStop
 .text.GetMilSecTick
                0x0000000008001c90       0x18 D:\Lap Trinh\lap trinh\embedded\SDK_1.0.3_NUCLEO-F401RE\lib_stm\libLibraries.a(timer.o)
                0x0000000008001c90                GetMilSecTick
 .text.processTimerScheduler
                0x0000000008001ca8       0xf0 D:\Lap Trinh\lap trinh\embedded\SDK_1.0.3_NUCLEO-F401RE\lib_stm\libLibraries.a(timer.o)
                0x0000000008001ca8                processTimerScheduler
 .text.TimeExpired
                0x0000000008001d98       0xcc D:\Lap Trinh\lap trinh\embedded\SDK_1.0.3_NUCLEO-F401RE\lib_stm\libLibraries.a(timer.o)
 .text.SysTick_Handler
                0x0000000008001e64       0x1c D:\Lap Trinh\lap trinh\embedded\SDK_1.0.3_NUCLEO-F401RE\lib_stm\libLibraries.a(timer.o)
                0x0000000008001e64                SysTick_Handler
 .text.memsetl  0x0000000008001e80       0x32 D:\Lap Trinh\lap trinh\embedded\SDK_1.0.3_NUCLEO-F401RE\lib_stm\libLibraries.a(utilities.o)
                0x0000000008001e80                memsetl
 *fill*         0x0000000008001eb2        0x2 
 .text.__libc_init_array
                0x0000000008001eb4       0x48 c:/st/stm32cubeide_1.10.1/stm32cubeide/plugins/com.st.stm32cube.ide.mcu.externaltools.gnu-tools-for-stm32.10.3-2021.10.win32_1.0.200.202301161003/tools/bin/../lib/gcc/arm-none-eabi/10.3.1/../../../../arm-none-eabi/lib/thumb/v7e-m+fp/hard\libc_nano.a(lib_a-init.o)
                0x0000000008001eb4                __libc_init_array
 *(.glue_7)
 .glue_7        0x0000000008001efc        0x0 linker stubs
 *(.glue_7t)
 .glue_7t       0x0000000008001efc        0x0 linker stubs
 *(.eh_frame)
 .eh_frame      0x0000000008001efc        0x0 c:/st/stm32cubeide_1.10.1/stm32cubeide/plugins/com.st.stm32cube.ide.mcu.externaltools.gnu-tools-for-stm32.10.3-2021.10.win32_1.0.200.202301161003/tools/bin/../lib/gcc/arm-none-eabi/10.3.1/thumb/v7e-m+fp/hard/crtbegin.o
 *(.init)
 .init          0x0000000008001efc        0x4 c:/st/stm32cubeide_1.10.1/stm32cubeide/plugins/com.st.stm32cube.ide.mcu.externaltools.gnu-tools-for-stm32.10.3-2021.10.win32_1.0.200.202301161003/tools/bin/../lib/gcc/arm-none-eabi/10.3.1/thumb/v7e-m+fp/hard/crti.o
                0x0000000008001efc                _init
 .init          0x0000000008001f00        0x8 c:/st/stm32cubeide_1.10.1/stm32cubeide/plugins/com.st.stm32cube.ide.mcu.externaltools.gnu-tools-for-stm32.10.3-2021.10.win32_1.0.200.202301161003/tools/bin/../lib/gcc/arm-none-eabi/10.3.1/thumb/v7e-m+fp/hard/crtn.o
 *(.fini)
 .fini          0x0000000008001f08        0x4 c:/st/stm32cubeide_1.10.1/stm32cubeide/plugins/com.st.stm32cube.ide.mcu.externaltools.gnu-tools-for-stm32.10.3-2021.10.win32_1.0.200.202301161003/tools/bin/../lib/gcc/arm-none-eabi/10.3.1/thumb/v7e-m+fp/hard/crti.o
                0x0000000008001f08                _fini
 .fini          0x0000000008001f0c        0x8 c:/st/stm32cubeide_1.10.1/stm32cubeide/plugins/com.st.stm32cube.ide.mcu.externaltools.gnu-tools-for-stm32.10.3-2021.10.win32_1.0.200.202301161003/tools/bin/../lib/gcc/arm-none-eabi/10.3.1/thumb/v7e-m+fp/hard/crtn.o
                0x0000000008001f14                . = ALIGN (0x4)
                0x0000000008001f14                _etext = .

.vfp11_veneer   0x0000000008001f14        0x0
 .vfp11_veneer  0x0000000008001f14        0x0 linker stubs

.v4_bx          0x0000000008001f14        0x0
 .v4_bx         0x0000000008001f14        0x0 linker stubs

.iplt           0x0000000008001f14        0x0
 .iplt          0x0000000008001f14        0x0 c:/st/stm32cubeide_1.10.1/stm32cubeide/plugins/com.st.stm32cube.ide.mcu.externaltools.gnu-tools-for-stm32.10.3-2021.10.win32_1.0.200.202301161003/tools/bin/../lib/gcc/arm-none-eabi/10.3.1/thumb/v7e-m+fp/hard/crtbegin.o

.rel.dyn        0x0000000008001f14        0x0
 .rel.iplt      0x0000000008001f14        0x0 c:/st/stm32cubeide_1.10.1/stm32cubeide/plugins/com.st.stm32cube.ide.mcu.externaltools.gnu-tools-for-stm32.10.3-2021.10.win32_1.0.200.202301161003/tools/bin/../lib/gcc/arm-none-eabi/10.3.1/thumb/v7e-m+fp/hard/crtbegin.o

.rodata         0x0000000008001f14        0x0
                0x0000000008001f14                . = ALIGN (0x4)
 *(.rodata)
 *(.rodata*)
                0x0000000008001f14                . = ALIGN (0x4)

.ARM.extab      0x0000000008001f14        0x0
                0x0000000008001f14                . = ALIGN (0x4)
 *(.ARM.extab* .gnu.linkonce.armextab.*)
                0x0000000008001f14                . = ALIGN (0x4)

.ARM            0x0000000008001f14        0x0
                0x0000000008001f14                . = ALIGN (0x4)
                0x0000000008001f14                __exidx_start = .
 *(.ARM.exidx*)
                0x0000000008001f14                __exidx_end = .
                0x0000000008001f14                . = ALIGN (0x4)

.preinit_array  0x0000000008001f14        0x0
                0x0000000008001f14                . = ALIGN (0x4)
                0x0000000008001f14                PROVIDE (__preinit_array_start = .)
 *(.preinit_array*)
                0x0000000008001f14                PROVIDE (__preinit_array_end = .)
                0x0000000008001f14                . = ALIGN (0x4)

.init_array     0x0000000008001f14        0x4
                0x0000000008001f14                . = ALIGN (0x4)
                0x0000000008001f14                PROVIDE (__init_array_start = .)
 *(SORT_BY_NAME(.init_array.*))
 *(.init_array*)
 .init_array    0x0000000008001f14        0x4 c:/st/stm32cubeide_1.10.1/stm32cubeide/plugins/com.st.stm32cube.ide.mcu.externaltools.gnu-tools-for-stm32.10.3-2021.10.win32_1.0.200.202301161003/tools/bin/../lib/gcc/arm-none-eabi/10.3.1/thumb/v7e-m+fp/hard/crtbegin.o
                0x0000000008001f18                PROVIDE (__init_array_end = .)
                0x0000000008001f18                . = ALIGN (0x4)

.fini_array     0x0000000008001f18        0x4
                0x0000000008001f18                . = ALIGN (0x4)
                [!provide]                        PROVIDE (__fini_array_start = .)
 *(SORT_BY_NAME(.fini_array.*))
 *(.fini_array*)
 .fini_array    0x0000000008001f18        0x4 c:/st/stm32cubeide_1.10.1/stm32cubeide/plugins/com.st.stm32cube.ide.mcu.externaltools.gnu-tools-for-stm32.10.3-2021.10.win32_1.0.200.202301161003/tools/bin/../lib/gcc/arm-none-eabi/10.3.1/thumb/v7e-m+fp/hard/crtbegin.o
                [!provide]                        PROVIDE (__fini_array_end = .)
                0x0000000008001f1c                . = ALIGN (0x4)
                0x0000000008001f1c                _sidata = LOADADDR (.data)

.data           0x0000000020000000       0x28 load address 0x0000000008001f1c
                0x0000000020000000                . = ALIGN (0x4)
                0x0000000020000000                _sdata = .
 *(.data)
 *(.data*)
 .data.lux_max  0x0000000020000000        0x2 ./Src/main.o
                0x0000000020000000                lux_max
 *fill*         0x0000000020000002        0x2 
 .data.SystemCoreClock
                0x0000000020000004        0x4 D:\Lap Trinh\lap trinh\embedded\SDK_1.0.3_NUCLEO-F401RE\lib_stm\libLibraries.a(system_stm32f4xx.o)
                0x0000000020000004                SystemCoreClock
 .data.AHBPrescTable
                0x0000000020000008       0x10 D:\Lap Trinh\lap trinh\embedded\SDK_1.0.3_NUCLEO-F401RE\lib_stm\libLibraries.a(system_stm32f4xx.o)
                0x0000000020000008                AHBPrescTable
 .data.APBAHBPrescTable
                0x0000000020000018       0x10 D:\Lap Trinh\lap trinh\embedded\SDK_1.0.3_NUCLEO-F401RE\lib_stm\libLibraries.a(stm32f401re_rcc.o)
 *(.RamFunc)
 *(.RamFunc*)
                0x0000000020000028                . = ALIGN (0x4)
                0x0000000020000028                _edata = .

.igot.plt       0x0000000020000028        0x0 load address 0x0000000008001f44
 .igot.plt      0x0000000020000028        0x0 c:/st/stm32cubeide_1.10.1/stm32cubeide/plugins/com.st.stm32cube.ide.mcu.externaltools.gnu-tools-for-stm32.10.3-2021.10.win32_1.0.200.202301161003/tools/bin/../lib/gcc/arm-none-eabi/10.3.1/thumb/v7e-m+fp/hard/crtbegin.o
                0x0000000020000028                . = ALIGN (0x4)

.bss            0x0000000020000028      0x1d0 load address 0x0000000008001f44
                0x0000000020000028                _sbss = .
                0x0000000020000028                __bss_start__ = _sbss
 *(.bss)
 .bss           0x0000000020000028       0x1c c:/st/stm32cubeide_1.10.1/stm32cubeide/plugins/com.st.stm32cube.ide.mcu.externaltools.gnu-tools-for-stm32.10.3-2021.10.win32_1.0.200.202301161003/tools/bin/../lib/gcc/arm-none-eabi/10.3.1/thumb/v7e-m+fp/hard/crtbegin.o
 *(.bss*)
 .bss._err_measure
                0x0000000020000044        0x4 ./Kalman_filter/kalman_filter.o
 .bss._err_estimate
                0x0000000020000048        0x4 ./Kalman_filter/kalman_filter.o
 .bss._q        0x000000002000004c        0x4 ./Kalman_filter/kalman_filter.o
 .bss._current_estimate
                0x0000000020000050        0x4 ./Kalman_filter/kalman_filter.o
 .bss._last_estimate
                0x0000000020000054        0x4 ./Kalman_filter/kalman_filter.o
 .bss._kalman_gain
                0x0000000020000058        0x4 ./Kalman_filter/kalman_filter.o
 .bss.AdcValue  0x000000002000005c        0x2 ./Src/main.o
                0x000000002000005c                AdcValue
 .bss.lux       0x000000002000005e        0x2 ./Src/main.o
                0x000000002000005e                lux
 .bss.Duty_Cycle
                0x0000000020000060        0x1 ./Src/main.o
                0x0000000020000060                Duty_Cycle
 .bss.Duty_Cycle_Current
                0x0000000020000061        0x1 ./Src/main.o
                0x0000000020000061                Duty_Cycle_Current
 .bss.Duty_Cycle_old
                0x0000000020000062        0x1 ./Src/main.o
                0x0000000020000062                Duty_Cycle_old
 *fill*         0x0000000020000063        0x1 
 .bss.Time_Init
                0x0000000020000064        0x4 ./Src/main.o
                0x0000000020000064                Time_Init
 .bss.TimeCurrent
                0x0000000020000068        0x4 ./Src/main.o
                0x0000000020000068                TimeCurrent
 .bss.TimeTotal
                0x000000002000006c        0x4 ./Src/main.o
                0x000000002000006c                TimeTotal
 .bss.pulse_lenght.0
                0x0000000020000070        0x2 ./Src/main.o
 *fill*         0x0000000020000072        0x2 
 .bss.g_pTimerHandle
                0x0000000020000074      0x180 D:\Lap Trinh\lap trinh\embedded\SDK_1.0.3_NUCLEO-F401RE\lib_stm\libLibraries.a(timer.o)
 .bss.g_wMilSecTickTimer
                0x00000000200001f4        0x4 D:\Lap Trinh\lap trinh\embedded\SDK_1.0.3_NUCLEO-F401RE\lib_stm\libLibraries.a(timer.o)
 *(COMMON)
                0x00000000200001f8                . = ALIGN (0x4)
                0x00000000200001f8                _ebss = .
                0x00000000200001f8                __bss_end__ = _ebss

._user_heap_stack
                0x00000000200001f8      0x600 load address 0x0000000008001f44
                0x00000000200001f8                . = ALIGN (0x8)
                [!provide]                        PROVIDE (end = .)
                0x00000000200001f8                PROVIDE (_end = .)
                0x00000000200003f8                . = (. + _Min_Heap_Size)
 *fill*         0x00000000200001f8      0x200 
                0x00000000200007f8                . = (. + _Min_Stack_Size)
 *fill*         0x00000000200003f8      0x400 
                0x00000000200007f8                . = ALIGN (0x8)

/DISCARD/
 libc.a(*)
 libm.a(*)
 libgcc.a(*)

.ARM.attributes
                0x0000000000000000       0x30
 *(.ARM.attributes)
 .ARM.attributes
                0x0000000000000000       0x1e c:/st/stm32cubeide_1.10.1/stm32cubeide/plugins/com.st.stm32cube.ide.mcu.externaltools.gnu-tools-for-stm32.10.3-2021.10.win32_1.0.200.202301161003/tools/bin/../lib/gcc/arm-none-eabi/10.3.1/thumb/v7e-m+fp/hard/crti.o
 .ARM.attributes
                0x000000000000001e       0x34 c:/st/stm32cubeide_1.10.1/stm32cubeide/plugins/com.st.stm32cube.ide.mcu.externaltools.gnu-tools-for-stm32.10.3-2021.10.win32_1.0.200.202301161003/tools/bin/../lib/gcc/arm-none-eabi/10.3.1/thumb/v7e-m+fp/hard/crtbegin.o
 .ARM.attributes
                0x0000000000000052       0x34 ./Kalman_filter/kalman_filter.o
 .ARM.attributes
                0x0000000000000086       0x34 ./Src/main.o
 .ARM.attributes
                0x00000000000000ba       0x21 ./Startup/startup_stm32f401retx.o
 .ARM.attributes
                0x00000000000000db       0x39 D:\Lap Trinh\lap trinh\embedded\SDK_1.0.3_NUCLEO-F401RE\lib_stm\libLibraries.a(system_stm32f4xx.o)
 .ARM.attributes
                0x0000000000000114       0x39 D:\Lap Trinh\lap trinh\embedded\SDK_1.0.3_NUCLEO-F401RE\lib_stm\libLibraries.a(stm32f401re_adc.o)
 .ARM.attributes
                0x000000000000014d       0x39 D:\Lap Trinh\lap trinh\embedded\SDK_1.0.3_NUCLEO-F401RE\lib_stm\libLibraries.a(stm32f401re_gpio.o)
 .ARM.attributes
                0x0000000000000186       0x39 D:\Lap Trinh\lap trinh\embedded\SDK_1.0.3_NUCLEO-F401RE\lib_stm\libLibraries.a(stm32f401re_rcc.o)
 .ARM.attributes
                0x00000000000001bf       0x39 D:\Lap Trinh\lap trinh\embedded\SDK_1.0.3_NUCLEO-F401RE\lib_stm\libLibraries.a(stm32f401re_tim.o)
 .ARM.attributes
                0x00000000000001f8       0x39 D:\Lap Trinh\lap trinh\embedded\SDK_1.0.3_NUCLEO-F401RE\lib_stm\libLibraries.a(timer.o)
 .ARM.attributes
                0x0000000000000231       0x39 D:\Lap Trinh\lap trinh\embedded\SDK_1.0.3_NUCLEO-F401RE\lib_stm\libLibraries.a(utilities.o)
 .ARM.attributes
                0x000000000000026a       0x34 c:/st/stm32cubeide_1.10.1/stm32cubeide/plugins/com.st.stm32cube.ide.mcu.externaltools.gnu-tools-for-stm32.10.3-2021.10.win32_1.0.200.202301161003/tools/bin/../lib/gcc/arm-none-eabi/10.3.1/../../../../arm-none-eabi/lib/thumb/v7e-m+fp/hard\libc_nano.a(lib_a-init.o)
 .ARM.attributes
                0x000000000000029e       0x1e c:/st/stm32cubeide_1.10.1/stm32cubeide/plugins/com.st.stm32cube.ide.mcu.externaltools.gnu-tools-for-stm32.10.3-2021.10.win32_1.0.200.202301161003/tools/bin/../lib/gcc/arm-none-eabi/10.3.1/thumb/v7e-m+fp/hard\libgcc.a(_arm_muldf3.o)
 .ARM.attributes
                0x00000000000002bc       0x1e c:/st/stm32cubeide_1.10.1/stm32cubeide/plugins/com.st.stm32cube.ide.mcu.externaltools.gnu-tools-for-stm32.10.3-2021.10.win32_1.0.200.202301161003/tools/bin/../lib/gcc/arm-none-eabi/10.3.1/thumb/v7e-m+fp/hard\libgcc.a(_arm_addsubdf3.o)
 .ARM.attributes
                0x00000000000002da       0x1e c:/st/stm32cubeide_1.10.1/stm32cubeide/plugins/com.st.stm32cube.ide.mcu.externaltools.gnu-tools-for-stm32.10.3-2021.10.win32_1.0.200.202301161003/tools/bin/../lib/gcc/arm-none-eabi/10.3.1/thumb/v7e-m+fp/hard\libgcc.a(_arm_truncdfsf2.o)
 .ARM.attributes
                0x00000000000002f8       0x1e c:/st/stm32cubeide_1.10.1/stm32cubeide/plugins/com.st.stm32cube.ide.mcu.externaltools.gnu-tools-for-stm32.10.3-2021.10.win32_1.0.200.202301161003/tools/bin/../lib/gcc/arm-none-eabi/10.3.1/thumb/v7e-m+fp/hard/crtn.o
OUTPUT(ABL_MCU_V1.0.0.elf elf32-littlearm)
LOAD linker stubs
LOAD c:/st/stm32cubeide_1.10.1/stm32cubeide/plugins/com.st.stm32cube.ide.mcu.externaltools.gnu-tools-for-stm32.10.3-2021.10.win32_1.0.200.202301161003/tools/bin/../lib/gcc/arm-none-eabi/10.3.1/../../../../arm-none-eabi/lib/thumb/v7e-m+fp/hard\libc.a
LOAD c:/st/stm32cubeide_1.10.1/stm32cubeide/plugins/com.st.stm32cube.ide.mcu.externaltools.gnu-tools-for-stm32.10.3-2021.10.win32_1.0.200.202301161003/tools/bin/../lib/gcc/arm-none-eabi/10.3.1/../../../../arm-none-eabi/lib/thumb/v7e-m+fp/hard\libm.a
LOAD c:/st/stm32cubeide_1.10.1/stm32cubeide/plugins/com.st.stm32cube.ide.mcu.externaltools.gnu-tools-for-stm32.10.3-2021.10.win32_1.0.200.202301161003/tools/bin/../lib/gcc/arm-none-eabi/10.3.1/thumb/v7e-m+fp/hard\libgcc.a

.debug_info     0x0000000000000000     0x5c99
 .debug_info    0x0000000000000000      0x1fb ./Kalman_filter/kalman_filter.o
 .debug_info    0x00000000000001fb      0xc89 ./Src/main.o
 .debug_info    0x0000000000000e84       0x22 ./Startup/startup_stm32f401retx.o
 .debug_info    0x0000000000000ea6      0x5bb D:\Lap Trinh\lap trinh\embedded\SDK_1.0.3_NUCLEO-F401RE\lib_stm\libLibraries.a(system_stm32f4xx.o)
 .debug_info    0x0000000000001461      0xc5d D:\Lap Trinh\lap trinh\embedded\SDK_1.0.3_NUCLEO-F401RE\lib_stm\libLibraries.a(stm32f401re_adc.o)
 .debug_info    0x00000000000020be      0x62b D:\Lap Trinh\lap trinh\embedded\SDK_1.0.3_NUCLEO-F401RE\lib_stm\libLibraries.a(stm32f401re_gpio.o)
 .debug_info    0x00000000000026e9      0xd5e D:\Lap Trinh\lap trinh\embedded\SDK_1.0.3_NUCLEO-F401RE\lib_stm\libLibraries.a(stm32f401re_rcc.o)
 .debug_info    0x0000000000003447     0x1c73 D:\Lap Trinh\lap trinh\embedded\SDK_1.0.3_NUCLEO-F401RE\lib_stm\libLibraries.a(stm32f401re_tim.o)
 .debug_info    0x00000000000050ba      0x922 D:\Lap Trinh\lap trinh\embedded\SDK_1.0.3_NUCLEO-F401RE\lib_stm\libLibraries.a(timer.o)
 .debug_info    0x00000000000059dc      0x2bd D:\Lap Trinh\lap trinh\embedded\SDK_1.0.3_NUCLEO-F401RE\lib_stm\libLibraries.a(utilities.o)

.debug_abbrev   0x0000000000000000      0xf3b
 .debug_abbrev  0x0000000000000000       0xe1 ./Kalman_filter/kalman_filter.o
 .debug_abbrev  0x00000000000000e1      0x2e2 ./Src/main.o
 .debug_abbrev  0x00000000000003c3       0x12 ./Startup/startup_stm32f401retx.o
 .debug_abbrev  0x00000000000003d5      0x138 D:\Lap Trinh\lap trinh\embedded\SDK_1.0.3_NUCLEO-F401RE\lib_stm\libLibraries.a(system_stm32f4xx.o)
 .debug_abbrev  0x000000000000050d      0x194 D:\Lap Trinh\lap trinh\embedded\SDK_1.0.3_NUCLEO-F401RE\lib_stm\libLibraries.a(stm32f401re_adc.o)
 .debug_abbrev  0x00000000000006a1      0x1bf D:\Lap Trinh\lap trinh\embedded\SDK_1.0.3_NUCLEO-F401RE\lib_stm\libLibraries.a(stm32f401re_gpio.o)
 .debug_abbrev  0x0000000000000860      0x1d4 D:\Lap Trinh\lap trinh\embedded\SDK_1.0.3_NUCLEO-F401RE\lib_stm\libLibraries.a(stm32f401re_rcc.o)
 .debug_abbrev  0x0000000000000a34      0x19f D:\Lap Trinh\lap trinh\embedded\SDK_1.0.3_NUCLEO-F401RE\lib_stm\libLibraries.a(stm32f401re_tim.o)
 .debug_abbrev  0x0000000000000bd3      0x29a D:\Lap Trinh\lap trinh\embedded\SDK_1.0.3_NUCLEO-F401RE\lib_stm\libLibraries.a(timer.o)
 .debug_abbrev  0x0000000000000e6d       0xce D:\Lap Trinh\lap trinh\embedded\SDK_1.0.3_NUCLEO-F401RE\lib_stm\libLibraries.a(utilities.o)

.debug_aranges  0x0000000000000000      0x820
 .debug_aranges
                0x0000000000000000       0x50 ./Kalman_filter/kalman_filter.o
 .debug_aranges
                0x0000000000000050       0x60 ./Src/main.o
 .debug_aranges
                0x00000000000000b0       0x28 ./Startup/startup_stm32f401retx.o
 .debug_aranges
                0x00000000000000d8       0x30 D:\Lap Trinh\lap trinh\embedded\SDK_1.0.3_NUCLEO-F401RE\lib_stm\libLibraries.a(system_stm32f4xx.o)
 .debug_aranges
                0x0000000000000108      0x148 D:\Lap Trinh\lap trinh\embedded\SDK_1.0.3_NUCLEO-F401RE\lib_stm\libLibraries.a(stm32f401re_adc.o)
 .debug_aranges
                0x0000000000000250       0x88 D:\Lap Trinh\lap trinh\embedded\SDK_1.0.3_NUCLEO-F401RE\lib_stm\libLibraries.a(stm32f401re_gpio.o)
 .debug_aranges
                0x00000000000002d8      0x198 D:\Lap Trinh\lap trinh\embedded\SDK_1.0.3_NUCLEO-F401RE\lib_stm\libLibraries.a(stm32f401re_rcc.o)
 .debug_aranges
                0x0000000000000470      0x2f8 D:\Lap Trinh\lap trinh\embedded\SDK_1.0.3_NUCLEO-F401RE\lib_stm\libLibraries.a(stm32f401re_tim.o)
 .debug_aranges
                0x0000000000000768       0x70 D:\Lap Trinh\lap trinh\embedded\SDK_1.0.3_NUCLEO-F401RE\lib_stm\libLibraries.a(timer.o)
 .debug_aranges
                0x00000000000007d8       0x48 D:\Lap Trinh\lap trinh\embedded\SDK_1.0.3_NUCLEO-F401RE\lib_stm\libLibraries.a(utilities.o)

.debug_ranges   0x0000000000000000      0x788
 .debug_ranges  0x0000000000000000       0x40 ./Kalman_filter/kalman_filter.o
 .debug_ranges  0x0000000000000040       0x50 ./Src/main.o
 .debug_ranges  0x0000000000000090       0x20 ./Startup/startup_stm32f401retx.o
 .debug_ranges  0x00000000000000b0       0x20 D:\Lap Trinh\lap trinh\embedded\SDK_1.0.3_NUCLEO-F401RE\lib_stm\libLibraries.a(system_stm32f4xx.o)
 .debug_ranges  0x00000000000000d0      0x138 D:\Lap Trinh\lap trinh\embedded\SDK_1.0.3_NUCLEO-F401RE\lib_stm\libLibraries.a(stm32f401re_adc.o)
 .debug_ranges  0x0000000000000208       0x78 D:\Lap Trinh\lap trinh\embedded\SDK_1.0.3_NUCLEO-F401RE\lib_stm\libLibraries.a(stm32f401re_gpio.o)
 .debug_ranges  0x0000000000000280      0x188 D:\Lap Trinh\lap trinh\embedded\SDK_1.0.3_NUCLEO-F401RE\lib_stm\libLibraries.a(stm32f401re_rcc.o)
 .debug_ranges  0x0000000000000408      0x2e8 D:\Lap Trinh\lap trinh\embedded\SDK_1.0.3_NUCLEO-F401RE\lib_stm\libLibraries.a(stm32f401re_tim.o)
 .debug_ranges  0x00000000000006f0       0x60 D:\Lap Trinh\lap trinh\embedded\SDK_1.0.3_NUCLEO-F401RE\lib_stm\libLibraries.a(timer.o)
 .debug_ranges  0x0000000000000750       0x38 D:\Lap Trinh\lap trinh\embedded\SDK_1.0.3_NUCLEO-F401RE\lib_stm\libLibraries.a(utilities.o)

.debug_macro    0x0000000000000000     0xf528
 .debug_macro   0x0000000000000000       0xec ./Kalman_filter/kalman_filter.o
 .debug_macro   0x00000000000000ec      0xa84 ./Kalman_filter/kalman_filter.o
 .debug_macro   0x0000000000000b70       0x22 ./Kalman_filter/kalman_filter.o
 .debug_macro   0x0000000000000b92       0x4c ./Kalman_filter/kalman_filter.o
 .debug_macro   0x0000000000000bde       0x1e ./Kalman_filter/kalman_filter.o
 .debug_macro   0x0000000000000bfc       0x94 ./Kalman_filter/kalman_filter.o
 .debug_macro   0x0000000000000c90       0x3c ./Kalman_filter/kalman_filter.o
 .debug_macro   0x0000000000000ccc       0x34 ./Kalman_filter/kalman_filter.o
 .debug_macro   0x0000000000000d00      0x174 ./Kalman_filter/kalman_filter.o
 .debug_macro   0x0000000000000e74       0x16 ./Kalman_filter/kalman_filter.o
 .debug_macro   0x0000000000000e8a       0x43 ./Kalman_filter/kalman_filter.o
 .debug_macro   0x0000000000000ecd       0x57 ./Kalman_filter/kalman_filter.o
 .debug_macro   0x0000000000000f24       0x34 ./Kalman_filter/kalman_filter.o
 .debug_macro   0x0000000000000f58       0x10 ./Kalman_filter/kalman_filter.o
 .debug_macro   0x0000000000000f68       0x58 ./Kalman_filter/kalman_filter.o
 .debug_macro   0x0000000000000fc0       0x71 ./Kalman_filter/kalman_filter.o
 .debug_macro   0x0000000000001031       0x1c ./Kalman_filter/kalman_filter.o
 .debug_macro   0x000000000000104d      0x12a ./Kalman_filter/kalman_filter.o
 .debug_macro   0x0000000000001177      0x341 ./Kalman_filter/kalman_filter.o
 .debug_macro   0x00000000000014b8      0x19b ./Kalman_filter/kalman_filter.o
 .debug_macro   0x0000000000001653      0x102 ./Src/main.o
 .debug_macro   0x0000000000001755       0x8e ./Src/main.o
 .debug_macro   0x00000000000017e3       0x51 ./Src/main.o
 .debug_macro   0x0000000000001834      0x103 ./Src/main.o
 .debug_macro   0x0000000000001937       0x6a ./Src/main.o
 .debug_macro   0x00000000000019a1      0x1df ./Src/main.o
 .debug_macro   0x0000000000001b80       0x6b ./Src/main.o
 .debug_macro   0x0000000000001beb       0x3b ./Src/main.o
 .debug_macro   0x0000000000001c26       0x34 ./Src/main.o
 .debug_macro   0x0000000000001c5a       0x26 ./Src/main.o
 .debug_macro   0x0000000000001c80      0xe43 ./Src/main.o
 .debug_macro   0x0000000000002ac3     0x8018 ./Src/main.o
 .debug_macro   0x000000000000aadb      0x2ee ./Src/main.o
 .debug_macro   0x000000000000adc9      0x64a ./Src/main.o
 .debug_macro   0x000000000000b413      0xcad ./Src/main.o
 .debug_macro   0x000000000000c0c0      0x741 ./Src/main.o
 .debug_macro   0x000000000000c801       0x82 ./Src/main.o
 .debug_macro   0x000000000000c883       0x22 ./Src/main.o
 .debug_macro   0x000000000000c8a5       0xce D:\Lap Trinh\lap trinh\embedded\SDK_1.0.3_NUCLEO-F401RE\lib_stm\libLibraries.a(system_stm32f4xx.o)
 .debug_macro   0x000000000000c973      0xa66 D:\Lap Trinh\lap trinh\embedded\SDK_1.0.3_NUCLEO-F401RE\lib_stm\libLibraries.a(system_stm32f4xx.o)
 .debug_macro   0x000000000000d3d9       0x22 D:\Lap Trinh\lap trinh\embedded\SDK_1.0.3_NUCLEO-F401RE\lib_stm\libLibraries.a(system_stm32f4xx.o)
 .debug_macro   0x000000000000d3fb       0xef D:\Lap Trinh\lap trinh\embedded\SDK_1.0.3_NUCLEO-F401RE\lib_stm\libLibraries.a(system_stm32f4xx.o)
 .debug_macro   0x000000000000d4ea      0x14d D:\Lap Trinh\lap trinh\embedded\SDK_1.0.3_NUCLEO-F401RE\lib_stm\libLibraries.a(stm32f401re_adc.o)
 .debug_macro   0x000000000000d637      0xca7 D:\Lap Trinh\lap trinh\embedded\SDK_1.0.3_NUCLEO-F401RE\lib_stm\libLibraries.a(stm32f401re_adc.o)
 .debug_macro   0x000000000000e2de       0xc3 D:\Lap Trinh\lap trinh\embedded\SDK_1.0.3_NUCLEO-F401RE\lib_stm\libLibraries.a(stm32f401re_gpio.o)
 .debug_macro   0x000000000000e3a1      0x18d D:\Lap Trinh\lap trinh\embedded\SDK_1.0.3_NUCLEO-F401RE\lib_stm\libLibraries.a(stm32f401re_rcc.o)
 .debug_macro   0x000000000000e52e      0x644 D:\Lap Trinh\lap trinh\embedded\SDK_1.0.3_NUCLEO-F401RE\lib_stm\libLibraries.a(stm32f401re_rcc.o)
 .debug_macro   0x000000000000eb72       0xe4 D:\Lap Trinh\lap trinh\embedded\SDK_1.0.3_NUCLEO-F401RE\lib_stm\libLibraries.a(stm32f401re_tim.o)
 .debug_macro   0x000000000000ec56      0x73b D:\Lap Trinh\lap trinh\embedded\SDK_1.0.3_NUCLEO-F401RE\lib_stm\libLibraries.a(stm32f401re_tim.o)
 .debug_macro   0x000000000000f391       0xe3 D:\Lap Trinh\lap trinh\embedded\SDK_1.0.3_NUCLEO-F401RE\lib_stm\libLibraries.a(timer.o)
 .debug_macro   0x000000000000f474       0x1c D:\Lap Trinh\lap trinh\embedded\SDK_1.0.3_NUCLEO-F401RE\lib_stm\libLibraries.a(timer.o)
 .debug_macro   0x000000000000f490       0x16 D:\Lap Trinh\lap trinh\embedded\SDK_1.0.3_NUCLEO-F401RE\lib_stm\libLibraries.a(timer.o)
 .debug_macro   0x000000000000f4a6       0x72 D:\Lap Trinh\lap trinh\embedded\SDK_1.0.3_NUCLEO-F401RE\lib_stm\libLibraries.a(utilities.o)
 .debug_macro   0x000000000000f518       0x10 D:\Lap Trinh\lap trinh\embedded\SDK_1.0.3_NUCLEO-F401RE\lib_stm\libLibraries.a(utilities.o)

.debug_line     0x0000000000000000     0x4204
 .debug_line    0x0000000000000000      0x596 ./Kalman_filter/kalman_filter.o
 .debug_line    0x0000000000000596      0x7ad ./Src/main.o
 .debug_line    0x0000000000000d43       0x84 ./Startup/startup_stm32f401retx.o
 .debug_line    0x0000000000000dc7      0x4a0 D:\Lap Trinh\lap trinh\embedded\SDK_1.0.3_NUCLEO-F401RE\lib_stm\libLibraries.a(system_stm32f4xx.o)
 .debug_line    0x0000000000001267      0x84b D:\Lap Trinh\lap trinh\embedded\SDK_1.0.3_NUCLEO-F401RE\lib_stm\libLibraries.a(stm32f401re_adc.o)
 .debug_line    0x0000000000001ab2      0x65e D:\Lap Trinh\lap trinh\embedded\SDK_1.0.3_NUCLEO-F401RE\lib_stm\libLibraries.a(stm32f401re_gpio.o)
 .debug_line    0x0000000000002110      0x8d2 D:\Lap Trinh\lap trinh\embedded\SDK_1.0.3_NUCLEO-F401RE\lib_stm\libLibraries.a(stm32f401re_rcc.o)
 .debug_line    0x00000000000029e2      0xd2f D:\Lap Trinh\lap trinh\embedded\SDK_1.0.3_NUCLEO-F401RE\lib_stm\libLibraries.a(stm32f401re_tim.o)
 .debug_line    0x0000000000003711      0x684 D:\Lap Trinh\lap trinh\embedded\SDK_1.0.3_NUCLEO-F401RE\lib_stm\libLibraries.a(timer.o)
 .debug_line    0x0000000000003d95      0x46f D:\Lap Trinh\lap trinh\embedded\SDK_1.0.3_NUCLEO-F401RE\lib_stm\libLibraries.a(utilities.o)

.debug_str      0x0000000000000000    0x48c0b
 .debug_str     0x0000000000000000     0x6a24 ./Kalman_filter/kalman_filter.o
                                       0x6b36 (size before relaxing)
 .debug_str     0x0000000000006a24    0x3f5de ./Src/main.o
                                      0x42891 (size before relaxing)
 .debug_str     0x0000000000046002       0x31 ./Startup/startup_stm32f401retx.o
                                         0x65 (size before relaxing)
 .debug_str     0x0000000000046033      0x694 D:\Lap Trinh\lap trinh\embedded\SDK_1.0.3_NUCLEO-F401RE\lib_stm\libLibraries.a(system_stm32f4xx.o)
                                      0x3583e (size before relaxing)
 .debug_str     0x00000000000466c7      0x76d D:\Lap Trinh\lap trinh\embedded\SDK_1.0.3_NUCLEO-F401RE\lib_stm\libLibraries.a(stm32f401re_adc.o)
                                      0x3c852 (size before relaxing)
 .debug_str     0x0000000000046e34      0x17d D:\Lap Trinh\lap trinh\embedded\SDK_1.0.3_NUCLEO-F401RE\lib_stm\libLibraries.a(stm32f401re_gpio.o)
                                      0x3a690 (size before relaxing)
 .debug_str     0x0000000000046fb1      0xb7b D:\Lap Trinh\lap trinh\embedded\SDK_1.0.3_NUCLEO-F401RE\lib_stm\libLibraries.a(stm32f401re_rcc.o)
                                      0x39aa1 (size before relaxing)
 .debug_str     0x0000000000047b2c      0xa56 D:\Lap Trinh\lap trinh\embedded\SDK_1.0.3_NUCLEO-F401RE\lib_stm\libLibraries.a(stm32f401re_tim.o)
                                      0x3a911 (size before relaxing)
 .debug_str     0x0000000000048582      0x5c4 D:\Lap Trinh\lap trinh\embedded\SDK_1.0.3_NUCLEO-F401RE\lib_stm\libLibraries.a(timer.o)
                                      0x39451 (size before relaxing)
 .debug_str     0x0000000000048b46       0xc5 D:\Lap Trinh\lap trinh\embedded\SDK_1.0.3_NUCLEO-F401RE\lib_stm\libLibraries.a(utilities.o)
                                       0x3d14 (size before relaxing)

.comment        0x0000000000000000       0xcb
 .comment       0x0000000000000000       0x50 ./Kalman_filter/kalman_filter.o
                                         0x51 (size before relaxing)
 .comment       0x0000000000000050       0x51 ./Src/main.o
 .comment       0x0000000000000050       0x7b D:\Lap Trinh\lap trinh\embedded\SDK_1.0.3_NUCLEO-F401RE\lib_stm\libLibraries.a(system_stm32f4xx.o)
                                         0x7c (size before relaxing)
 .comment       0x00000000000000cb       0x7c D:\Lap Trinh\lap trinh\embedded\SDK_1.0.3_NUCLEO-F401RE\lib_stm\libLibraries.a(stm32f401re_adc.o)
 .comment       0x00000000000000cb       0x7c D:\Lap Trinh\lap trinh\embedded\SDK_1.0.3_NUCLEO-F401RE\lib_stm\libLibraries.a(stm32f401re_gpio.o)
 .comment       0x00000000000000cb       0x7c D:\Lap Trinh\lap trinh\embedded\SDK_1.0.3_NUCLEO-F401RE\lib_stm\libLibraries.a(stm32f401re_rcc.o)
 .comment       0x00000000000000cb       0x7c D:\Lap Trinh\lap trinh\embedded\SDK_1.0.3_NUCLEO-F401RE\lib_stm\libLibraries.a(stm32f401re_tim.o)
 .comment       0x00000000000000cb       0x7c D:\Lap Trinh\lap trinh\embedded\SDK_1.0.3_NUCLEO-F401RE\lib_stm\libLibraries.a(timer.o)
 .comment       0x00000000000000cb       0x7c D:\Lap Trinh\lap trinh\embedded\SDK_1.0.3_NUCLEO-F401RE\lib_stm\libLibraries.a(utilities.o)

.debug_frame    0x0000000000000000     0x248c
 .debug_frame   0x0000000000000000      0x11c ./Kalman_filter/kalman_filter.o
 .debug_frame   0x000000000000011c      0x134 ./Src/main.o
 .debug_frame   0x0000000000000250       0x74 D:\Lap Trinh\lap trinh\embedded\SDK_1.0.3_NUCLEO-F401RE\lib_stm\libLibraries.a(system_stm32f4xx.o)
 .debug_frame   0x00000000000002c4      0x5ec D:\Lap Trinh\lap trinh\embedded\SDK_1.0.3_NUCLEO-F401RE\lib_stm\libLibraries.a(stm32f401re_adc.o)
 .debug_frame   0x00000000000008b0      0x23c D:\Lap Trinh\lap trinh\embedded\SDK_1.0.3_NUCLEO-F401RE\lib_stm\libLibraries.a(stm32f401re_gpio.o)
 .debug_frame   0x0000000000000aec      0x774 D:\Lap Trinh\lap trinh\embedded\SDK_1.0.3_NUCLEO-F401RE\lib_stm\libLibraries.a(stm32f401re_rcc.o)
 .debug_frame   0x0000000000001260      0xe58 D:\Lap Trinh\lap trinh\embedded\SDK_1.0.3_NUCLEO-F401RE\lib_stm\libLibraries.a(stm32f401re_tim.o)
 .debug_frame   0x00000000000020b8      0x1a8 D:\Lap Trinh\lap trinh\embedded\SDK_1.0.3_NUCLEO-F401RE\lib_stm\libLibraries.a(timer.o)
 .debug_frame   0x0000000000002260      0x100 D:\Lap Trinh\lap trinh\embedded\SDK_1.0.3_NUCLEO-F401RE\lib_stm\libLibraries.a(utilities.o)
 .debug_frame   0x0000000000002360       0x2c c:/st/stm32cubeide_1.10.1/stm32cubeide/plugins/com.st.stm32cube.ide.mcu.externaltools.gnu-tools-for-stm32.10.3-2021.10.win32_1.0.200.202301161003/tools/bin/../lib/gcc/arm-none-eabi/10.3.1/../../../../arm-none-eabi/lib/thumb/v7e-m+fp/hard\libc_nano.a(lib_a-init.o)
 .debug_frame   0x000000000000238c       0x30 c:/st/stm32cubeide_1.10.1/stm32cubeide/plugins/com.st.stm32cube.ide.mcu.externaltools.gnu-tools-for-stm32.10.3-2021.10.win32_1.0.200.202301161003/tools/bin/../lib/gcc/arm-none-eabi/10.3.1/thumb/v7e-m+fp/hard\libgcc.a(_arm_muldf3.o)
 .debug_frame   0x00000000000023bc       0xac c:/st/stm32cubeide_1.10.1/stm32cubeide/plugins/com.st.stm32cube.ide.mcu.externaltools.gnu-tools-for-stm32.10.3-2021.10.win32_1.0.200.202301161003/tools/bin/../lib/gcc/arm-none-eabi/10.3.1/thumb/v7e-m+fp/hard\libgcc.a(_arm_addsubdf3.o)
 .debug_frame   0x0000000000002468       0x24 c:/st/stm32cubeide_1.10.1/stm32cubeide/plugins/com.st.stm32cube.ide.mcu.externaltools.gnu-tools-for-stm32.10.3-2021.10.win32_1.0.200.202301161003/tools/bin/../lib/gcc/arm-none-eabi/10.3.1/thumb/v7e-m+fp/hard\libgcc.a(_arm_truncdfsf2.o)
